Advection test for BATL
step time mass linear volume error_rho error_lin
       0   0.000000E+00   2.233544E+02   0.000000E+00   2.000000E+02   0.000000E+00   0.000000E+00
      48   1.000000E+00   2.233544E+02  -8.000000E+02   2.000000E+02   1.018332E-03   8.731571E-13
      96   2.000000E+00   2.233544E+02  -1.600000E+03   2.000000E+02   1.622098E-03   1.788200E-12
     144   3.000000E+00   2.233544E+02  -2.400000E+03   2.000000E+02   2.151356E-03   4.100492E-12
     192   4.000000E+00   2.233544E+02  -3.200000E+03   2.000000E+02   2.635721E-03   5.561773E-12
     240   5.000000E+00   2.233544E+02  -4.000000E+03   2.000000E+02   3.032839E-03   1.061200E-11
     288   6.000000E+00   2.233544E+02  -4.800000E+03   2.000000E+02   3.334252E-03   1.695740E-11
     336   7.000000E+00   2.233544E+02  -5.600000E+03   2.000000E+02   3.815664E-03   1.836174E-11
     384   8.000000E+00   2.233544E+02  -6.400000E+03   2.000000E+02   4.151215E-03   1.482113E-11
     432   9.000000E+00   2.233544E+02  -7.200000E+03   2.000000E+02   4.454271E-03   1.749443E-11
     480   1.000000E+01   2.233544E+02  -8.000000E+03   2.000000E+02   4.730146E-03   3.155748E-11
     489   1.108333E+01   2.233544E+02  -8.866597E+03   2.000000E+02   4.972423E-03   9.919733E-02
     495   1.208333E+01   2.233544E+02  -9.666505E+03   2.000000E+02   5.361543E-03   2.601230E-01
     505   1.308333E+01   2.233544E+02  -1.046647E+04   2.000000E+02   5.713919E-03   2.983435E-01
     511   1.408333E+01   2.233544E+02  -1.126637E+04   2.000000E+02   5.942339E-03   4.234279E-01
     518   1.500000E+01   2.233544E+02  -1.199973E+04   2.000000E+02   6.170009E-03   4.101679E-01
     527   1.608333E+01   2.233544E+02  -1.286638E+04   2.000000E+02   6.354200E-03   4.079438E-01
     533   1.708333E+01   2.233544E+02  -1.366633E+04   2.000000E+02   6.704037E-03   5.091122E-01
     543   1.808333E+01   2.233544E+02  -1.446645E+04   2.000000E+02   7.018127E-03   3.441731E-01
     549   1.908333E+01   2.233544E+02  -1.526661E+04   2.000000E+02   7.216421E-03   1.582364E-01
     556   2.000000E+01   2.233544E+02  -1.600000E+04   2.000000E+02   7.346207E-03   8.905610E-02
