Advection test for BATL
step time mass linear volume error_rho error_lin
       0   0.000000E+00   2.233535E+02   0.000000E+00   2.000000E+02   0.000000E+00   0.000000E+00
      20   1.000000E+00   2.233535E+02  -8.000000E+02   2.000000E+02   3.787575E-03   2.741066E-13
      40   2.000000E+00   2.233535E+02  -1.600000E+03   2.000000E+02   5.981113E-03   8.039766E-13
      60   3.000000E+00   2.233535E+02  -2.400000E+03   2.000000E+02   7.612937E-03   9.011536E-13
      80   4.000000E+00   2.233535E+02  -3.200000E+03   2.000000E+02   9.145440E-03   2.265722E-12
     100   5.000000E+00   2.233535E+02  -4.000000E+03   2.000000E+02   1.027311E-02   3.919608E-12
     120   6.000000E+00   2.233535E+02  -4.800000E+03   2.000000E+02   1.122992E-02   5.228630E-12
     140   7.000000E+00   2.233535E+02  -5.600000E+03   2.000000E+02   1.275176E-02   6.377190E-12
     160   8.000000E+00   2.233535E+02  -6.400000E+03   2.000000E+02   1.431554E-02   7.457576E-12
     180   9.000000E+00   2.233535E+02  -7.200000E+03   2.000000E+02   1.565883E-02   2.583350E-12
     200   1.000000E+01   2.233535E+02  -8.000000E+03   2.000000E+02   1.703195E-02   2.808170E-12
     220   1.100000E+01   2.233535E+02  -8.800000E+03   2.000000E+02   1.840334E-02   3.864270E-12
     240   1.200000E+01   2.233535E+02  -9.600000E+03   2.000000E+02   1.987876E-02   4.492934E-12
     260   1.300000E+01   2.233535E+02  -1.040000E+04   2.000000E+02   2.122067E-02   5.106332E-12
     280   1.400000E+01   2.233535E+02  -1.120000E+04   2.000000E+02   2.254560E-02   6.011164E-12
     300   1.500000E+01   2.233535E+02  -1.200000E+04   2.000000E+02   2.380076E-02   8.713169E-12
     320   1.600000E+01   2.233535E+02  -1.280000E+04   2.000000E+02   2.500221E-02   1.234707E-11
     340   1.700000E+01   2.233535E+02  -1.360000E+04   2.000000E+02   2.632212E-02   1.438294E-11
     360   1.800000E+01   2.233535E+02  -1.440000E+04   2.000000E+02   2.758113E-02   1.580541E-11
     380   1.900000E+01   2.233535E+02  -1.520000E+04   2.000000E+02   2.880389E-02   1.447453E-11
     400   2.000000E+01   2.233535E+02  -1.600000E+04   2.000000E+02   2.984252E-02   1.363909E-11
