Advection test for BATL
step time mass linear volume error_rho error_lin
       0   0.000000E+00   2.102608E+03   0.000000E+00   2.000000E+03   0.000000E+00   0.000000E+00
      22   1.000000E+00   2.102608E+03  -1.193400E+04   2.000000E+03   5.965997E-03   8.835119E+01
      44   2.000000E+00   2.102608E+03  -2.393060E+04   2.000000E+03   1.021513E-02   1.023807E+02
      66   3.000000E+00   2.102608E+03  -3.587298E+04   2.000000E+03   1.419919E-02   1.636650E+02
      88   4.000000E+00   2.102608E+03  -4.766701E+04   2.000000E+03   1.774573E-02   3.740915E+02
     110   5.000000E+00   2.102608E+03  -5.976392E+04   2.000000E+03   2.075361E-02   2.795441E+02
     132   6.000000E+00   2.102608E+03  -7.190841E+04   2.000000E+03   2.321212E-02   1.316201E+02
     154   7.000000E+00   2.102608E+03  -8.392240E+04   2.000000E+03   2.574135E-02   1.146976E+02
     176   8.000000E+00   2.102608E+03  -9.587240E+04   2.000000E+03   2.780091E-02   1.652838E+02
     198   9.000000E+00   2.102608E+03  -1.076018E+05   2.000000E+03   2.934342E-02   4.367266E+02
     220   1.000000E+01   2.102608E+03  -1.196742E+05   2.000000E+03   3.140581E-02   3.659914E+02
     242   1.100000E+01   2.102608E+03  -1.318965E+05   2.000000E+03   3.227798E-02   1.400629E+02
     264   1.200000E+01   2.102608E+03  -1.439282E+05   2.000000E+03   3.387509E-02   1.067922E+02
     286   1.300000E+01   2.102608E+03  -1.558729E+05   2.000000E+03   3.505102E-02   1.638517E+02
     308   1.400000E+01   2.102608E+03  -1.676670E+05   2.000000E+03   3.570587E-02   3.740923E+02
     330   1.500000E+01   2.102608E+03  -1.797639E+05   2.000000E+03   3.720722E-02   2.795441E+02
     352   1.600000E+01   2.102608E+03  -1.919084E+05   2.000000E+03   3.738651E-02   1.316201E+02
     374   1.700000E+01   2.102608E+03  -2.039224E+05   2.000000E+03   3.845242E-02   1.146976E+02
     396   1.800000E+01   2.102608E+03  -2.158724E+05   2.000000E+03   3.915420E-02   1.652838E+02
     418   1.900000E+01   2.102608E+03  -2.276018E+05   2.000000E+03   3.950457E-02   4.367266E+02
     440   2.000000E+01   2.102608E+03  -2.396742E+05   2.000000E+03   4.060418E-02   3.659914E+02
