Advection test for BATL
step time mass linear volume error_rho error_lin
       0   0.000000E+00   2.233446E+02   0.000000E+00   2.000000E+02   0.000000E+00   0.000000E+00
      34   1.000000E+00   2.233446E+02  -8.000000E+02   2.000000E+02   9.125813E-03   8.292825E-13
      68   2.000000E+00   2.233446E+02  -1.600000E+03   2.000000E+02   1.579927E-02   7.800123E-13
     102   3.000000E+00   2.233446E+02  -2.400000E+03   2.000000E+02   2.156889E-02   6.936617E-13
     136   4.000000E+00   2.233446E+02  -3.200000E+03   2.000000E+02   2.752222E-02   6.007347E-13
     170   5.000000E+00   2.233446E+02  -4.000000E+03   2.000000E+02   3.081129E-02   5.818263E-13
     204   6.000000E+00   2.233446E+02  -4.800000E+03   2.000000E+02   3.539254E-02   5.429684E-13
     238   7.000000E+00   2.233446E+02  -5.600000E+03   2.000000E+02   3.852727E-02   1.205633E-12
     272   8.000000E+00   2.233446E+02  -6.400000E+03   2.000000E+02   4.115071E-02   2.851538E-12
     306   9.000000E+00   2.233446E+02  -7.200000E+03   2.000000E+02   4.430418E-02   5.438705E-12
     340   1.000000E+01   2.233446E+02  -8.000000E+03   2.000000E+02   4.719414E-02   7.464168E-12
     374   1.100000E+01   2.233446E+02  -8.800000E+03   2.000000E+02   4.844765E-02   7.566864E-12
     408   1.200000E+01   2.233446E+02  -9.600000E+03   2.000000E+02   5.146645E-02   9.440365E-12
     442   1.300000E+01   2.233446E+02  -1.040000E+04   2.000000E+02   5.326481E-02   1.104394E-11
     476   1.400000E+01   2.233446E+02  -1.120000E+04   2.000000E+02   5.425570E-02   1.182526E-11
     510   1.500000E+01   2.233446E+02  -1.200000E+04   2.000000E+02   5.768546E-02   1.555353E-11
     544   1.600000E+01   2.233446E+02  -1.280000E+04   2.000000E+02   5.715297E-02   2.367412E-11
     578   1.700000E+01   2.233446E+02  -1.360000E+04   2.000000E+02   6.033298E-02   9.391099E-12
     612   1.800000E+01   2.233446E+02  -1.440000E+04   2.000000E+02   6.176703E-02   3.953782E-12
     646   1.900000E+01   2.233446E+02  -1.520000E+04   2.000000E+02   6.155802E-02   2.595146E-12
     680   2.000000E+01   2.233446E+02  -1.600000E+04   2.000000E+02   6.524762E-02   1.225409E-12
