Advection test for BATL
step time mass linear volume error_rho error_lin
       0   0.000000E+00   2.500000E+01   0.000000E+00   2.000000E+01   0.000000E+00   0.000000E+00
      16   1.000000E+00   2.500000E+01  -4.000000E+01   2.000000E+01   9.885244E-04   0.000000E+00
      32   2.000000E+00   2.500000E+01  -8.000000E+01   2.000000E+01   1.830524E-03   0.000000E+00
      48   3.000000E+00   2.500000E+01  -1.200000E+02   2.000000E+01   2.506548E-03   0.000000E+00
      64   4.000000E+00   2.500000E+01  -1.600000E+02   2.000000E+01   3.086681E-03   0.000000E+00
      80   5.000000E+00   2.500000E+01  -2.000000E+02   2.000000E+01   3.285125E-03   0.000000E+00
      96   6.000000E+00   2.500000E+01  -2.400000E+02   2.000000E+01   3.779467E-03   0.000000E+00
     112   7.000000E+00   2.500000E+01  -2.800000E+02   2.000000E+01   4.388986E-03   0.000000E+00
     128   8.000000E+00   2.500000E+01  -3.200000E+02   2.000000E+01   4.807831E-03   0.000000E+00
     144   9.000000E+00   2.500000E+01  -3.600000E+02   2.000000E+01   5.152453E-03   0.000000E+00
     160   1.000000E+01   2.500000E+01  -4.000000E+02   2.000000E+01   5.232827E-03   0.000000E+00
     164   1.125000E+01   2.500000E+01  -4.500000E+02   2.000000E+01   6.012354E-03   0.000000E+00
     166   1.225000E+01   2.500000E+01  -4.900000E+02   2.000000E+01   7.079648E-03   0.000000E+00
     169   1.300000E+01   2.500000E+01  -5.200000E+02   2.000000E+01   7.620846E-03   0.000000E+00
     172   1.425000E+01   2.500000E+01  -5.700000E+02   2.000000E+01   8.290198E-03   0.000000E+00
     174   1.500000E+01   2.500000E+01  -6.000000E+02   2.000000E+01   8.112331E-03   0.000000E+00
     178   1.625000E+01   2.500000E+01  -6.500000E+02   2.000000E+01   8.680155E-03   0.000000E+00
     180   1.725000E+01   2.500000E+01  -6.900000E+02   2.000000E+01   9.573553E-03   0.000000E+00
     183   1.800000E+01   2.500000E+01  -7.200000E+02   2.000000E+01   1.005447E-02   0.000000E+00
     186   1.925000E+01   2.500000E+01  -7.700000E+02   2.000000E+01   1.055509E-02   0.000000E+00
     188   2.000000E+01   2.500000E+01  -8.000000E+02   2.000000E+01   1.025720E-02   0.000000E+00
