Advection test for BATL
step time mass linear volume error_rho error_lin
       0   0.000000E+00   2.102644E+03   0.000000E+00   2.000000E+03   0.000000E+00   0.000000E+00
      64   1.000000E+00   2.102644E+03  -1.200000E+04   2.000000E+03   8.660203E-04   0.000000E+00
     128   2.000000E+00   2.102644E+03  -2.400000E+04   2.000000E+03   1.353305E-03   0.000000E+00
     192   3.000000E+00   2.102644E+03  -3.600000E+04   2.000000E+03   1.726718E-03   0.000000E+00
     256   4.000000E+00   2.102644E+03  -4.800000E+04   2.000000E+03   2.115432E-03   0.000000E+00
     320   5.000000E+00   2.102644E+03  -6.000000E+04   2.000000E+03   2.490755E-03   0.000000E+00
     384   6.000000E+00   2.102644E+03  -7.200000E+04   2.000000E+03   2.800617E-03   0.000000E+00
     448   7.000000E+00   2.102644E+03  -8.400000E+04   2.000000E+03   3.124978E-03   0.000000E+00
     512   8.000000E+00   2.102644E+03  -9.600000E+04   2.000000E+03   3.406377E-03   0.000000E+00
     576   9.000000E+00   2.102644E+03  -1.080000E+05   2.000000E+03   3.681415E-03   0.000000E+00
     640   1.000000E+01   2.102644E+03  -1.200000E+05   2.000000E+03   3.956259E-03   0.000000E+00
     651   1.100000E+01   2.102644E+03  -1.319982E+05   2.000000E+03   4.190671E-03   2.192461E+00
     659   1.200000E+01   2.102644E+03  -1.439954E+05   2.000000E+03   4.470847E-03   6.104566E+00
     672   1.300000E+01   2.102644E+03  -1.559956E+05   2.000000E+03   4.708861E-03   5.750327E+00
     680   1.400000E+01   2.102644E+03  -1.679951E+05   2.000000E+03   4.941281E-03   6.419066E+00
     690   1.500000E+01   2.102644E+03  -1.799962E+05   2.000000E+03   5.169541E-03   5.584636E+00
     701   1.600000E+01   2.102644E+03  -1.919958E+05   2.000000E+03   5.342817E-03   5.402117E+00
     709   1.700000E+01   2.102644E+03  -2.039949E+05   2.000000E+03   5.598144E-03   7.112969E+00
     722   1.800000E+01   2.102644E+03  -2.159970E+05   2.000000E+03   5.811963E-03   4.396546E+00
     730   1.900000E+01   2.102644E+03  -2.279989E+05   2.000000E+03   6.011299E-03   2.351899E+00
     740   2.000000E+01   2.102644E+03  -2.399994E+05   2.000000E+03   6.197345E-03   1.860215E+00
