Advection test for BATL
step time mass linear volume error_rho error_lin
       0   0.000000E+00   2.102607E+03   0.000000E+00   2.000000E+03   0.000000E+00   0.000000E+00
      50   1.000000E+00   2.102607E+03  -1.200000E+04   2.000000E+03   5.357705E-03   1.931291E-12
     100   2.000000E+00   2.102607E+03  -2.400000E+04   2.000000E+03   9.325723E-03   1.173367E-11
     150   3.000000E+00   2.102607E+03  -3.600000E+04   2.000000E+03   1.300585E-02   2.908021E-11
     200   4.000000E+00   2.102607E+03  -4.800000E+04   2.000000E+03   1.636629E-02   3.835124E-11
     250   5.000000E+00   2.102607E+03  -6.000000E+04   2.000000E+03   1.918348E-02   2.125768E-11
     300   6.000000E+00   2.102607E+03  -7.200000E+04   2.000000E+03   2.134159E-02   3.716005E-11
     350   7.000000E+00   2.102607E+03  -8.400000E+04   2.000000E+03   2.370197E-02   3.817476E-11
     400   8.000000E+00   2.102607E+03  -9.600000E+04   2.000000E+03   2.562203E-02   3.538315E-11
     450   9.000000E+00   2.102607E+03  -1.080000E+05   2.000000E+03   2.672131E-02   2.869634E-11
     500   1.000000E+01   2.102607E+03  -1.200000E+05   2.000000E+03   2.889144E-02   3.940533E-11
     550   1.100000E+01   2.102607E+03  -1.320000E+05   2.000000E+03   2.927041E-02   5.673912E-11
     600   1.200000E+01   2.102607E+03  -1.440000E+05   2.000000E+03   3.088420E-02   7.704969E-11
     650   1.300000E+01   2.102607E+03  -1.560000E+05   2.000000E+03   3.193450E-02   1.164919E-10
     700   1.400000E+01   2.102607E+03  -1.680000E+05   2.000000E+03   3.190777E-02   1.183277E-10
     750   1.500000E+01   2.102607E+03  -1.800000E+05   2.000000E+03   3.375605E-02   1.499233E-10
     800   1.600000E+01   2.102607E+03  -1.920000E+05   2.000000E+03   3.324014E-02   1.309352E-10
     850   1.700000E+01   2.102607E+03  -2.040000E+05   2.000000E+03   3.452472E-02   1.438329E-10
     900   1.800000E+01   2.102607E+03  -2.160000E+05   2.000000E+03   3.510056E-02   1.329258E-10
     950   1.900000E+01   2.102607E+03  -2.280000E+05   2.000000E+03   3.456708E-02   1.370347E-10
    1000   2.000000E+01   2.102607E+03  -2.400000E+05   2.000000E+03   3.622030E-02   1.278133E-10
