Advection test for BATL
step time mass linear volume error_rho error_lin
       0   0.000000E+00   8.093418E+01   8.266516E+02   2.400000E+02   0.000000E+00   0.000000E+00
     100   1.000000E+00   8.093276E+01   3.126491E+02   2.400000E+02   4.560692E-04   3.365448E+01
     200   2.000000E+00   8.093133E+01  -1.784430E+02   2.400000E+02   6.980203E-04   5.849437E+01
     300   3.000000E+00   8.092991E+01  -6.507016E+02   2.400000E+02   8.737635E-04   8.174994E+01
     400   4.000000E+00   8.092849E+01  -1.108181E+03   2.400000E+02   1.041899E-03   1.105796E+02
     500   5.000000E+00   8.092707E+01  -1.553580E+03   2.400000E+02   1.165589E-03   1.514895E+02
     600   6.000000E+00   8.092566E+01  -1.989739E+03   2.400000E+02   1.303016E-03   2.090624E+02
     700   7.000000E+00   8.092424E+01  -2.421952E+03   2.400000E+02   1.398953E-03   2.793974E+02
     800   8.000000E+00   8.092283E+01  -2.852151E+03   2.400000E+02   1.509416E-03   3.531980E+02
     900   9.000000E+00   8.092143E+01  -3.283023E+03   2.400000E+02   1.591967E-03   4.263256E+02
    1000   1.000000E+01   8.092003E+01  -3.716295E+03   2.400000E+02   1.687388E-03   4.970537E+02
    1013   1.104000E+01   8.091857E+01  -4.167499E+03   2.400000E+02   1.831299E-03   5.700097E+02
    1025   1.200000E+01   8.091723E+01  -4.583998E+03   2.400000E+02   1.918838E-03   6.373515E+02
    1038   1.304000E+01   8.091579E+01  -5.035206E+03   2.400000E+02   2.023392E-03   7.103035E+02
    1050   1.400000E+01   8.091446E+01  -5.449731E+03   2.400000E+02   2.098589E-03   7.796390E+02
    1063   1.504000E+01   8.091304E+01  -5.892760E+03   2.400000E+02   2.209163E-03   8.607492E+02
    1075   1.600000E+01   8.091171E+01  -6.318164E+03   2.400000E+02   2.275116E-03   9.191854E+02
    1088   1.704000E+01   8.091020E+01  -6.769318E+03   2.400000E+02   2.388257E-03   9.921907E+02
    1100   1.800000E+01   8.090889E+01  -7.185843E+03   2.400000E+02   2.449501E-03   1.059506E+03
    1113   1.904000E+01   8.090802E+01  -7.637085E+03   2.400000E+02   2.555524E-03   1.132424E+03
    1125   2.000000E+01   8.090767E+01  -8.053621E+03   2.400000E+02   2.605700E-03   1.199728E+03
